cargo : warning: unused 
import: `Specificity`
At line:1 char:1
+ cargo check > 
build_error.log 2>&1
+ ~~~~~~~~~~~~~~~~~~~~~~~~~
~~~~~~~~~
    + CategoryInfo         
     : NotSpecified: (war  
  ning: unused import: `   
 Specificity`:String) [    
], RemoteException
    + FullyQualifiedErrorI 
   d : NativeCommandError
 
 --> crates\style\src\lib.r
s:6:47
  |
6 | ...t, Specificity, D...
  |       ^^^^^^^^^^^
  |
  = note: 
`#[warn(unused_imports)]` 
(part of 
`#[warn(unused)]`) on by 
default

warning: unused import: 
`Node`
 --> crates\style\src\lib.r
s:9:11
  |
9 | use dom::{Node, Node...
  |           ^^^^

warning: unused import: 
`std::collections::HashMap`
  --> crates\style\src\lib.
rs:10:5
   |
10 | use 
std::collections::HashMap;
   |     
^^^^^^^^^^^^^^^^^^^^^^^^^

warning: unreachable 
pattern
   --> crates\style\src\lib
.rs:387:21
    |
327 | ..." | "a" | 
"strong" | "em" | "b" | 
"i" | "u" | "code" | ...
    |                      
                           
 ------ matches all the 
relevant values
...
387 | ... | "code" => {
    |       ^^^^^^ no 
value can reach this
    |
    = note: `#[warn(unreach
able_patterns)]` (part of 
`#[warn(unused)]`) on by 
default

warning: unreachable 
pattern
   --> crates\style\src\lib
.rs:390:13
    |
327 | ...   "span" 
..."small" => {
    |       
-------...------- matches 
all the relevant values
...
390 | ...   "strong" | "b" 
=> {
    |       ^^^^^^^^^^^^^^ 
no value can reach this

warning: unreachable 
pattern
   --> crates\style\src\lib
.rs:393:13
    |
327 | ...   "span" 
..."small" => {
    |       
-------...------- matches 
all the relevant values
...
393 | ...   "em" | "i" => {
    |       ^^^^^^^^^^ no 
value can reach this

warning: `style` (lib) 
generated 6 warnings (run 
`cargo fix --lib -p style` 
to apply 3 suggestions)
warning: unused imports: 
`FontWeight` and `Position`
 --> crates\layout\src\lib.
rs:6:37
  |
6 | ...y, Position, 
FlexDirection, 
JustifyContent, 
AlignItems, FontWeight};
  |       ^^^^^^^^         
                           
         ^^^^^^^^^^
  |
  = note: 
`#[warn(unused_imports)]` 
(part of 
`#[warn(unused)]`) on by 
default

warning: unused variable: 
`is_reverse`
   --> crates\layout\src\li
b.rs:242:13
    |
242 | ...et is_reverse = 
...
    |       ^^^^^^^^^^ 
help: if this is 
intentional, prefix it 
with an underscore: 
`_is_reverse`
    |
    = note: `#[warn(unused_
variables)]` (part of 
`#[warn(unused)]`) on by 
default

warning: unused variable: 
`i`
   --> crates\layout\src\li
b.rs:329:14
    |
329 | ...for (i, child) ...
    |         ^ help: if 
this is intentional, 
prefix it with an 
underscore: `_i`

warning: variants 
`CommentStart` and 
`Doctype` are never 
constructed
  --> crates\html_parser\sr
c\tokenizer.rs:56:5
   |
40 | enum State {
   |      ----- variants 
in this enum
...
56 |     CommentStart,
   |     ^^^^^^^^^^^^
...
59 |     Doctype,
   |     ^^^^^^^
   |
   = note: `State` has 
derived impls for the 
traits `Clone` and 
`Debug`, but these are 
intentionally ignored 
during dead code analysis
   = note: 
`#[warn(dead_code)]` (part 
of `#[warn(unused)]`) on 
by default

warning: field 
`current_token` is never 
read
  --> crates\html_parser\sr
c\tokenizer.rs:69:5
   |
66 | pub struct 
Tokenizer<'a> {
   |            --------- 
field in this struct
...
69 |     current_token: 
Opti...
   |     ^^^^^^^^^^^^^

warning: `layout` (lib) 
generated 3 warnings (run 
`cargo fix --lib -p 
layout` to apply 3 
suggestions)
warning: `html_parser` 
(lib) generated 2 warnings
warning: unused import: 
`SoftwareRenderer`
 --> crates\render\src\widg
ets.rs:1:20
  |
1 | ...r, 
SoftwareRenderer};
  |       ^^^^^^^^^^^^^^^^
  |
  = note: 
`#[warn(unused_imports)]` 
(part of 
`#[warn(unused)]`) on by 
default

warning: unused variable: 
`buf_height`
  --> crates\render\src\lib
.rs:12:68
   |
12 | ...2, buf_height: u...
   |       ^^^^^^^^^^ 
help: if this is 
intentional, prefix it 
with an underscore: 
`_buf_height`
   |
   = note: `#[warn(unused_v
ariables)]` (part of 
`#[warn(unused)]`) on by 
default

warning: unused variable: 
`c`
  --> crates\render\src\lib
.rs:16:13
   |
16 | ... (i, c) in text....
   |         ^ help: if 
this is intentional, 
prefix it with an 
underscore: `_c`

warning: unused variable: 
`max_redirects`
   --> crates\network\src\l
ib.rs:157:49
    |
157 | ...r, max_redirects: 
u...
    |       ^^^^^^^^^^^^^ 
help: if this is 
intentional, prefix it 
with an underscore: 
`_max_redirects`
    |
    = note: `#[warn(unused_
variables)]` (part of 
`#[warn(unused)]`) on by 
default

warning: unused import: 
`ApiAccessControl`
  --> crates\js_engine\src\
interpreter.rs:13:40
   |
13 | ...t, 
ApiAccessControl};
   |       ^^^^^^^^^^^^^^^^
   |
   = note: 
`#[warn(unused_imports)]` 
(part of 
`#[warn(unused)]`) on by 
default

warning: unused import: 
`std::sync::Arc`
  --> crates\js_engine\src\
http_client.rs:10:5
   |
10 | use std::sync::Arc;
   |     ^^^^^^^^^^^^^^

warning: `render` (lib) 
generated 3 warnings (run 
`cargo fix --lib -p 
render` to apply 3 
suggestions)
warning: `network` (lib) 
generated 1 warning (run 
`cargo fix --lib -p 
network` to apply 1 
suggestion)
warning: `js_engine` (lib) 
generated 2 warnings (run 
`cargo fix --lib -p 
js_engine` to apply 2 
suggestions)
    Checking browser_core 
v0.1.0 (C:\Users\IJXP\Pictu
res\browser\crates\browser_
core)
warning: unused import: 
`Duration`
 --> crates\browser_core\sr
c\video.rs:8:17
  |
8 | use 
std::time::{Duration, 
Instant};
  |                 
^^^^^^^^
  |
  = note: 
`#[warn(unused_imports)]` 
(part of 
`#[warn(unused)]`) on by 
default

error[E0592]: duplicate 
definitions with name 
`clear_cache`
    --> crates\browser_core
\src\lib.rs:1090:5
     |
 100 |     pub fn 
clear_cache(&mut self) {
     |     ----------------
------------- other 
definition for 
`clear_cache`
...
1090 |     pub fn 
clear_cache(&mut self) {
     |     ^^^^^^^^^^^^^^^^
^^^^^^^^^^^^^ duplicate 
definitions for 
`clear_cache`

For more information about 
this error, try `rustc 
--explain E0592`.
warning: `browser_core` 
(lib) generated 1 warning
error: could not compile 
`browser_core` (lib) due 
to 1 previous error; 1 
warning emitted
